11:29:31 **** Build of project conv_bsp ****
make -k all 
Running Make include in ps7_cortexa9_0/libsrc/dmaps_v2_3/src
make -C ps7_cortexa9_0/libsrc/dmaps_v2_3/src -s include  "SHELL=/bin/sh" "COMPILER=arm-none-eabi-gcc" "ARCHIVER=arm-none-eabi-ar" "COMPILER_FLAGS=  -O2 -c" "EXTRA_COMPILER_FLAGS=-mcpu=cortex-a9 -mfpu=vfpv3 -mfloat-abi=hard -nostartfiles -g -Wall -Wextra"
Running Make include in ps7_cortexa9_0/libsrc/ddrps_v1_0/src
make -C ps7_cortexa9_0/libsrc/ddrps_v1_0/src -s include  "SHELL=/bin/sh" "COMPILER=arm-none-eabi-gcc" "ARCHIVER=arm-none-eabi-ar" "COMPILER_FLAGS=  -O2 -c" "EXTRA_COMPILER_FLAGS=-mcpu=cortex-a9 -mfpu=vfpv3 -mfloat-abi=hard -nostartfiles -g -Wall -Wextra"
Running Make include in ps7_cortexa9_0/libsrc/qspips_v3_4/src
make -C ps7_cortexa9_0/libsrc/qspips_v3_4/src -s include  "SHELL=/bin/sh" "COMPILER=arm-none-eabi-gcc" "ARCHIVER=arm-none-eabi-ar" "COMPILER_FLAGS=  -O2 -c" "EXTRA_COMPILER_FLAGS=-mcpu=cortex-a9 -mfpu=vfpv3 -mfloat-abi=hard -nostartfiles -g -Wall -Wextra"
Running Make include in ps7_cortexa9_0/libsrc/standalone_v6_7/src
make -C ps7_cortexa9_0/libsrc/standalone_v6_7/src -s include  "SHELL=/bin/sh" "COMPILER=arm-none-eabi-gcc" "ARCHIVER=arm-none-eabi-ar" "COMPILER_FLAGS=  -O2 -c" "EXTRA_COMPILER_FLAGS=-mcpu=cortex-a9 -mfpu=vfpv3 -mfloat-abi=hard -nostartfiles -g -Wall -Wextra"
Running Make include in ps7_cortexa9_0/libsrc/gpiops_v3_3/src
make -C ps7_cortexa9_0/libsrc/gpiops_v3_3/src -s include  "SHELL=/bin/sh" "COMPILER=arm-none-eabi-gcc" "ARCHIVER=arm-none-eabi-ar" "COMPILER_FLAGS=  -O2 -c" "EXTRA_COMPILER_FLAGS=-mcpu=cortex-a9 -mfpu=vfpv3 -mfloat-abi=hard -nostartfiles -g -Wall -Wextra"
Running Make include in ps7_cortexa9_0/libsrc/emacps_v3_7/src
make -C ps7_cortexa9_0/libsrc/emacps_v3_7/src -s include  "SHELL=/bin/sh" "COMPILER=arm-none-eabi-gcc" "ARCHIVER=arm-none-eabi-ar" "COMPILER_FLAGS=  -O2 -c" "EXTRA_COMPILER_FLAGS=-mcpu=cortex-a9 -mfpu=vfpv3 -mfloat-abi=hard -nostartfiles -g -Wall -Wextra"
Running Make include in ps7_cortexa9_0/libsrc/devcfg_v3_5/src
make -C ps7_cortexa9_0/libsrc/devcfg_v3_5/src -s include  "SHELL=/bin/sh" "COMPILER=arm-none-eabi-gcc" "ARCHIVER=arm-none-eabi-ar" "COMPILER_FLAGS=  -O2 -c" "EXTRA_COMPILER_FLAGS=-mcpu=cortex-a9 -mfpu=vfpv3 -mfloat-abi=hard -nostartfiles -g -Wall -Wextra"
Running Make include in ps7_cortexa9_0/libsrc/scugic_v3_9/src
make -C ps7_cortexa9_0/libsrc/scugic_v3_9/src -s include  "SHELL=/bin/sh" "COMPILER=arm-none-eabi-gcc" "ARCHIVER=arm-none-eabi-ar" "COMPILER_FLAGS=  -O2 -c" "EXTRA_COMPILER_FLAGS=-mcpu=cortex-a9 -mfpu=vfpv3 -mfloat-abi=hard -nostartfiles -g -Wall -Wextra"
Running Make include in ps7_cortexa9_0/libsrc/uartps_v3_6/src
make -C ps7_cortexa9_0/libsrc/uartps_v3_6/src -s include  "SHELL=/bin/sh" "COMPILER=arm-none-eabi-gcc" "ARCHIVER=arm-none-eabi-ar" "COMPILER_FLAGS=  -O2 -c" "EXTRA_COMPILER_FLAGS=-mcpu=cortex-a9 -mfpu=vfpv3 -mfloat-abi=hard -nostartfiles -g -Wall -Wextra"
Running Make include in ps7_cortexa9_0/libsrc/xadcps_v2_2/src
make -C ps7_cortexa9_0/libsrc/xadcps_v2_2/src -s include  "SHELL=/bin/sh" "COMPILER=arm-none-eabi-gcc" "ARCHIVER=arm-none-eabi-ar" "COMPILER_FLAGS=  -O2 -c" "EXTRA_COMPILER_FLAGS=-mcpu=cortex-a9 -mfpu=vfpv3 -mfloat-abi=hard -nostartfiles -g -Wall -Wextra"
Running Make include in ps7_cortexa9_0/libsrc/conv_v1_0/src
make -C ps7_cortexa9_0/libsrc/conv_v1_0/src -s include  "SHELL=/bin/sh" "COMPILER=arm-none-eabi-gcc" "ARCHIVER=arm-none-eabi-ar" "COMPILER_FLAGS=  -O2 -c" "EXTRA_COMPILER_FLAGS=-mcpu=cortex-a9 -mfpu=vfpv3 -mfloat-abi=hard -nostartfiles -g -Wall -Wextra"
Running Make include in ps7_cortexa9_0/libsrc/cpu_cortexa9_v2_6/src
make -C ps7_cortexa9_0/libsrc/cpu_cortexa9_v2_6/src -s include  "SHELL=/bin/sh" "COMPILER=arm-none-eabi-gcc" "ARCHIVER=arm-none-eabi-ar" "COMPILER_FLAGS=  -O2 -c" "EXTRA_COMPILER_FLAGS=-mcpu=cortex-a9 -mfpu=vfpv3 -mfloat-abi=hard -nostartfiles -g -Wall -Wextra"
Running Make include in ps7_cortexa9_0/libsrc/scuwdt_v2_1/src
make -C ps7_cortexa9_0/libsrc/scuwdt_v2_1/src -s include  "SHELL=/bin/sh" "COMPILER=arm-none-eabi-gcc" "ARCHIVER=arm-none-eabi-ar" "COMPILER_FLAGS=  -O2 -c" "EXTRA_COMPILER_FLAGS=-mcpu=cortex-a9 -mfpu=vfpv3 -mfloat-abi=hard -nostartfiles -g -Wall -Wextra"
Running Make include in ps7_cortexa9_0/libsrc/ttcps_v3_6/src
make -C ps7_cortexa9_0/libsrc/ttcps_v3_6/src -s include  "SHELL=/bin/sh" "COMPILER=arm-none-eabi-gcc" "ARCHIVER=arm-none-eabi-ar" "COMPILER_FLAGS=  -O2 -c" "EXTRA_COMPILER_FLAGS=-mcpu=cortex-a9 -mfpu=vfpv3 -mfloat-abi=hard -nostartfiles -g -Wall -Wextra"
Running Make include in ps7_cortexa9_0/libsrc/sdps_v3_5/src
make -C ps7_cortexa9_0/libsrc/sdps_v3_5/src -s include  "SHELL=/bin/sh" "COMPILER=arm-none-eabi-gcc" "ARCHIVER=arm-none-eabi-ar" "COMPILER_FLAGS=  -O2 -c" "EXTRA_COMPILER_FLAGS=-mcpu=cortex-a9 -mfpu=vfpv3 -mfloat-abi=hard -nostartfiles -g -Wall -Wextra"
Running Make include in ps7_cortexa9_0/libsrc/usbps_v2_4/src
make -C ps7_cortexa9_0/libsrc/usbps_v2_4/src -s include  "SHELL=/bin/sh" "COMPILER=arm-none-eabi-gcc" "ARCHIVER=arm-none-eabi-ar" "COMPILER_FLAGS=  -O2 -c" "EXTRA_COMPILER_FLAGS=-mcpu=cortex-a9 -mfpu=vfpv3 -mfloat-abi=hard -nostartfiles -g -Wall -Wextra"
Running Make include in ps7_cortexa9_0/libsrc/coresightps_dcc_v1_4/src
make -C ps7_cortexa9_0/libsrc/coresightps_dcc_v1_4/src -s include  "SHELL=/bin/sh" "COMPILER=arm-none-eabi-gcc" "ARCHIVER=arm-none-eabi-ar" "COMPILER_FLAGS=  -O2 -c" "EXTRA_COMPILER_FLAGS=-mcpu=cortex-a9 -mfpu=vfpv3 -mfloat-abi=hard -nostartfiles -g -Wall -Wextra"
Running Make include in ps7_cortexa9_0/libsrc/scutimer_v2_1/src
make -C ps7_cortexa9_0/libsrc/scutimer_v2_1/src -s include  "SHELL=/bin/sh" "COMPILER=arm-none-eabi-gcc" "ARCHIVER=arm-none-eabi-ar" "COMPILER_FLAGS=  -O2 -c" "EXTRA_COMPILER_FLAGS=-mcpu=cortex-a9 -mfpu=vfpv3 -mfloat-abi=hard -nostartfiles -g -Wall -Wextra"
Running Make libs in ps7_cortexa9_0/libsrc/dmaps_v2_3/src
make -C ps7_cortexa9_0/libsrc/dmaps_v2_3/src -s libs  "SHELL=/bin/sh" "COMPILER=arm-none-eabi-gcc" "ARCHIVER=arm-none-eabi-ar" "COMPILER_FLAGS=  -O2 -c" "EXTRA_COMPILER_FLAGS=-mcpu=cortex-a9 -mfpu=vfpv3 -mfloat-abi=hard -nostartfiles -g -Wall -Wextra"
Compiling dmaps
arm-none-eabi-ar: creazione di ../../../lib/libxil.a
Running Make libs in ps7_cortexa9_0/libsrc/ddrps_v1_0/src
make -C ps7_cortexa9_0/libsrc/ddrps_v1_0/src -s libs  "SHELL=/bin/sh" "COMPILER=arm-none-eabi-gcc" "ARCHIVER=arm-none-eabi-ar" "COMPILER_FLAGS=  -O2 -c" "EXTRA_COMPILER_FLAGS=-mcpu=cortex-a9 -mfpu=vfpv3 -mfloat-abi=hard -nostartfiles -g -Wall -Wextra"
Compiling ddrps
Running Make libs in ps7_cortexa9_0/libsrc/qspips_v3_4/src
make -C ps7_cortexa9_0/libsrc/qspips_v3_4/src -s libs  "SHELL=/bin/sh" "COMPILER=arm-none-eabi-gcc" "ARCHIVER=arm-none-eabi-ar" "COMPILER_FLAGS=  -O2 -c" "EXTRA_COMPILER_FLAGS=-mcpu=cortex-a9 -mfpu=vfpv3 -mfloat-abi=hard -nostartfiles -g -Wall -Wextra"
Compiling qspips
Running Make libs in ps7_cortexa9_0/libsrc/standalone_v6_7/src
make -C ps7_cortexa9_0/libsrc/standalone_v6_7/src -s libs  "SHELL=/bin/sh" "COMPILER=arm-none-eabi-gcc" "ARCHIVER=arm-none-eabi-ar" "COMPILER_FLAGS=  -O2 -c" "EXTRA_COMPILER_FLAGS=-mcpu=cortex-a9 -mfpu=vfpv3 -mfloat-abi=hard -nostartfiles -g -Wall -Wextra"
Compiling standalone
In file included from sleep.c:57:0:
xtime_l.h:89:9: note: #pragma message: For the sleep routines, Global timer is being used
 #pragma message ("For the sleep routines, Global timer is being used")
         ^~~~~~~
In file included from xil_sleeptimer.c:55:0:
xtime_l.h:89:9: note: #pragma message: For the sleep routines, Global timer is being used
 #pragma message ("For the sleep routines, Global timer is being used")
         ^~~~~~~
In file included from xtime_l.c:53:0:
xtime_l.h:89:9: note: #pragma message: For the sleep routines, Global timer is being used
 #pragma message ("For the sleep routines, Global timer is being used")
         ^~~~~~~
In file included from usleep.c:60:0:
xtime_l.h:89:9: note: #pragma message: For the sleep routines, Global timer is being used
 #pragma message ("For the sleep routines, Global timer is being used")
         ^~~~~~~
Running Make libs in ps7_cortexa9_0/libsrc/gpiops_v3_3/src
make -C ps7_cortexa9_0/libsrc/gpiops_v3_3/src -s libs  "SHELL=/bin/sh" "COMPILER=arm-none-eabi-gcc" "ARCHIVER=arm-none-eabi-ar" "COMPILER_FLAGS=  -O2 -c" "EXTRA_COMPILER_FLAGS=-mcpu=cortex-a9 -mfpu=vfpv3 -mfloat-abi=hard -nostartfiles -g -Wall -Wextra"
Compiling gpiops
Running Make libs in ps7_cortexa9_0/libsrc/emacps_v3_7/src
make -C ps7_cortexa9_0/libsrc/emacps_v3_7/src -s libs  "SHELL=/bin/sh" "COMPILER=arm-none-eabi-gcc" "ARCHIVER=arm-none-eabi-ar" "COMPILER_FLAGS=  -O2 -c" "EXTRA_COMPILER_FLAGS=-mcpu=cortex-a9 -mfpu=vfpv3 -mfloat-abi=hard -nostartfiles -g -Wall -Wextra"
Compiling emacps
Running Make libs in ps7_cortexa9_0/libsrc/devcfg_v3_5/src
make -C ps7_cortexa9_0/libsrc/devcfg_v3_5/src -s libs  "SHELL=/bin/sh" "COMPILER=arm-none-eabi-gcc" "ARCHIVER=arm-none-eabi-ar" "COMPILER_FLAGS=  -O2 -c" "EXTRA_COMPILER_FLAGS=-mcpu=cortex-a9 -mfpu=vfpv3 -mfloat-abi=hard -nostartfiles -g -Wall -Wextra"
Compiling devcfg
Running Make libs in ps7_cortexa9_0/libsrc/scugic_v3_9/src
make -C ps7_cortexa9_0/libsrc/scugic_v3_9/src -s libs  "SHELL=/bin/sh" "COMPILER=arm-none-eabi-gcc" "ARCHIVER=arm-none-eabi-ar" "COMPILER_FLAGS=  -O2 -c" "EXTRA_COMPILER_FLAGS=-mcpu=cortex-a9 -mfpu=vfpv3 -mfloat-abi=hard -nostartfiles -g -Wall -Wextra"
Compiling scugic
Running Make libs in ps7_cortexa9_0/libsrc/uartps_v3_6/src
make -C ps7_cortexa9_0/libsrc/uartps_v3_6/src -s libs  "SHELL=/bin/sh" "COMPILER=arm-none-eabi-gcc" "ARCHIVER=arm-none-eabi-ar" "COMPILER_FLAGS=  -O2 -c" "EXTRA_COMPILER_FLAGS=-mcpu=cortex-a9 -mfpu=vfpv3 -mfloat-abi=hard -nostartfiles -g -Wall -Wextra"
Compiling uartps
Running Make libs in ps7_cortexa9_0/libsrc/xadcps_v2_2/src
make -C ps7_cortexa9_0/libsrc/xadcps_v2_2/src -s libs  "SHELL=/bin/sh" "COMPILER=arm-none-eabi-gcc" "ARCHIVER=arm-none-eabi-ar" "COMPILER_FLAGS=  -O2 -c" "EXTRA_COMPILER_FLAGS=-mcpu=cortex-a9 -mfpu=vfpv3 -mfloat-abi=hard -nostartfiles -g -Wall -Wextra"
Compiling xadcps
Running Make libs in ps7_cortexa9_0/libsrc/conv_v1_0/src
make -C ps7_cortexa9_0/libsrc/conv_v1_0/src -s libs  "SHELL=/bin/sh" "COMPILER=arm-none-eabi-gcc" "ARCHIVER=arm-none-eabi-ar" "COMPILER_FLAGS=  -O2 -c" "EXTRA_COMPILER_FLAGS=-mcpu=cortex-a9 -mfpu=vfpv3 -mfloat-abi=hard -nostartfiles -g -Wall -Wextra"
Compiling conv
Running Make libs in ps7_cortexa9_0/libsrc/cpu_cortexa9_v2_6/src
make -C ps7_cortexa9_0/libsrc/cpu_cortexa9_v2_6/src -s libs  "SHELL=/bin/sh" "COMPILER=arm-none-eabi-gcc" "ARCHIVER=arm-none-eabi-ar" "COMPILER_FLAGS=  -O2 -c" "EXTRA_COMPILER_FLAGS=-mcpu=cortex-a9 -mfpu=vfpv3 -mfloat-abi=hard -nostartfiles -g -Wall -Wextra"
Compiling cpu_cortexa9
Running Make libs in ps7_cortexa9_0/libsrc/scuwdt_v2_1/src
make -C ps7_cortexa9_0/libsrc/scuwdt_v2_1/src -s libs  "SHELL=/bin/sh" "COMPILER=arm-none-eabi-gcc" "ARCHIVER=arm-none-eabi-ar" "COMPILER_FLAGS=  -O2 -c" "EXTRA_COMPILER_FLAGS=-mcpu=cortex-a9 -mfpu=vfpv3 -mfloat-abi=hard -nostartfiles -g -Wall -Wextra"
Compiling scuwdt
Running Make libs in ps7_cortexa9_0/libsrc/ttcps_v3_6/src
make -C ps7_cortexa9_0/libsrc/ttcps_v3_6/src -s libs  "SHELL=/bin/sh" "COMPILER=arm-none-eabi-gcc" "ARCHIVER=arm-none-eabi-ar" "COMPILER_FLAGS=  -O2 -c" "EXTRA_COMPILER_FLAGS=-mcpu=cortex-a9 -mfpu=vfpv3 -mfloat-abi=hard -nostartfiles -g -Wall -Wextra"
Compiling ttcps
Running Make libs in ps7_cortexa9_0/libsrc/sdps_v3_5/src
make -C ps7_cortexa9_0/libsrc/sdps_v3_5/src -s libs  "SHELL=/bin/sh" "COMPILER=arm-none-eabi-gcc" "ARCHIVER=arm-none-eabi-ar" "COMPILER_FLAGS=  -O2 -c" "EXTRA_COMPILER_FLAGS=-mcpu=cortex-a9 -mfpu=vfpv3 -mfloat-abi=hard -nostartfiles -g -Wall -Wextra"
Compiling sdps
Running Make libs in ps7_cortexa9_0/libsrc/usbps_v2_4/src
make -C ps7_cortexa9_0/libsrc/usbps_v2_4/src -s libs  "SHELL=/bin/sh" "COMPILER=arm-none-eabi-gcc" "ARCHIVER=arm-none-eabi-ar" "COMPILER_FLAGS=  -O2 -c" "EXTRA_COMPILER_FLAGS=-mcpu=cortex-a9 -mfpu=vfpv3 -mfloat-abi=hard -nostartfiles -g -Wall -Wextra"
Compiling usbps
Running Make libs in ps7_cortexa9_0/libsrc/coresightps_dcc_v1_4/src
make -C ps7_cortexa9_0/libsrc/coresightps_dcc_v1_4/src -s libs  "SHELL=/bin/sh" "COMPILER=arm-none-eabi-gcc" "ARCHIVER=arm-none-eabi-ar" "COMPILER_FLAGS=  -O2 -c" "EXTRA_COMPILER_FLAGS=-mcpu=cortex-a9 -mfpu=vfpv3 -mfloat-abi=hard -nostartfiles -g -Wall -Wextra"
Compiling coresightps_dcc
Running Make libs in ps7_cortexa9_0/libsrc/scutimer_v2_1/src
make -C ps7_cortexa9_0/libsrc/scutimer_v2_1/src -s libs  "SHELL=/bin/sh" "COMPILER=arm-none-eabi-gcc" "ARCHIVER=arm-none-eabi-ar" "COMPILER_FLAGS=  -O2 -c" "EXTRA_COMPILER_FLAGS=-mcpu=cortex-a9 -mfpu=vfpv3 -mfloat-abi=hard -nostartfiles -g -Wall -Wextra"
Compiling scutimer
Finished building libraries
11:30:16 **** Build of configuration Debug for project conv ****
make pre-build main-build 
a9-linaro-pre-build-step
 
Building file: ../src/helloworld.c
Invoking: ARM v7 gcc compiler
arm-none-eabi-gcc -Wall -O0 -g3 -c -fmessage-length=0 -MT"src/helloworld.o" -mcpu=cortex-a9 -mfpu=vfpv3 -mfloat-abi=hard -I../../conv_bsp/ps7_cortexa9_0/include -MMD -MP -MF"src/helloworld.d" -MT"src/helloworld.o" -o "src/helloworld.o" "../src/helloworld.c"
Finished building: ../src/helloworld.c
 
Building file: ../src/platform.c
Invoking: ARM v7 gcc compiler
arm-none-eabi-gcc -Wall -O0 -g3 -c -fmessage-length=0 -MT"src/platform.o" -mcpu=cortex-a9 -mfpu=vfpv3 -mfloat-abi=hard -I../../conv_bsp/ps7_cortexa9_0/include -MMD -MP -MF"src/platform.d" -MT"src/platform.o" -o "src/platform.o" "../src/platform.c"
Finished building: ../src/platform.c
 
Building target: conv.elf
Invoking: ARM v7 gcc linker
arm-none-eabi-gcc -mcpu=cortex-a9 -mfpu=vfpv3 -mfloat-abi=hard -Wl,-build-id=none -specs=Xilinx.spec -Wl,-T -Wl,../src/lscript.ld -L../../conv_bsp/ps7_cortexa9_0/lib -o "conv.elf"  ./src/helloworld.o ./src/platform.o   -Wl,--start-group,-lxil,-lgcc,-lc,--end-group
Finished building target: conv.elf
 
Invoking: ARM v7 Print Size
arm-none-eabi-size conv.elf  |tee "conv.elf.size"
   text	   data	    bss	    dec	    hex	filename
  19352	   1144	  22568	  43064	   a838	conv.elf
Finished building: conv.elf.size
 
11:31:12 **** Auto Build of configuration Debug for project conv ****
make pre-build main-build 
a9-linaro-pre-build-step
 
Building file: ../src/helloworld.c
Invoking: ARM v7 gcc compiler
arm-none-eabi-gcc -Wall -O0 -g3 -c -fmessage-length=0 -MT"src/helloworld.o" -mcpu=cortex-a9 -mfpu=vfpv3 -mfloat-abi=hard -I../../conv_bsp/ps7_cortexa9_0/include -MMD -MP -MF"src/helloworld.d" -MT"src/helloworld.o" -o "src/helloworld.o" "../src/helloworld.c"
In file included from ../src/helloworld.c:9:0:
../../conv_bsp/ps7_cortexa9_0/include/xtime_l.h:89:9: note: #pragma message: For the sleep routines, Global timer is being used
 #pragma message ("For the sleep routines, Global timer is being used")
         ^~~~~~~
../src/helloworld.c: In function 'main':
../src/helloworld.c:56:28: warning: format '%X' expects argument of type 'unsigned int', but argument 2 has type 'uint8_t * {aka unsigned char *}' [-Wformat=]
     printf("mem   addr: 0x%X\n", mem);
                           ~^
                           %hhn
../src/helloworld.c:57:28: warning: format '%X' expects argument of type 'unsigned int', but argument 2 has type 'uint8_t * {aka unsigned char *}' [-Wformat=]
     printf("head  addr: 0x%X\n", head);
                           ~^
                           %hhn
../src/helloworld.c:58:28: warning: format '%X' expects argument of type 'unsigned int', but argument 2 has type 'uint8_t * {aka unsigned char *}' [-Wformat=]
     printf("data  addr: 0x%X\n", data);
                           ~^
                           %hhn
../src/helloworld.c:59:28: warning: format '%X' expects argument of type 'unsigned int', but argument 2 has type 'float *' [-Wformat=]
     printf("fdete addr: 0x%X\n", edgeDetectionFilter);
                           ~^     ~~~~~~~~~~~~~~~~~~~
../src/helloworld.c:60:28: warning: format '%X' expects argument of type 'unsigned int', but argument 2 has type 'float *' [-Wformat=]
     printf("fgaus addr: 0x%X\n\n", gaussianFilter);
                           ~^       ~~~~~~~~~~~~~~
../src/helloworld.c:69:42: warning: passing argument 2 of 'XConv_Set_image_dram' makes integer from pointer without a cast [-Wint-conversion]
     XConv_Set_image_dram(&XConvInstance, data);
                                          ^~~~
In file included from ../src/helloworld.c:8:0:
../../conv_bsp/ps7_cortexa9_0/include/xconv.h:90:6: note: expected 'u32 {aka long unsigned int}' but argument is of type 'uint8_t * {aka unsigned char *}'
 void XConv_Set_image_dram(XConv *InstancePtr, u32 Data);
      ^~~~~~~~~~~~~~~~~~~~
../src/helloworld.c:70:38: warning: passing argument 2 of 'XConv_Set_filter' makes integer from pointer without a cast [-Wint-conversion]
     XConv_Set_filter(&XConvInstance, edgeDetectionFilter);
                                      ^~~~~~~~~~~~~~~~~~~
In file included from ../src/helloworld.c:8:0:
../../conv_bsp/ps7_cortexa9_0/include/xconv.h:92:6: note: expected 'u32 {aka long unsigned int}' but argument is of type 'float *'
 void XConv_Set_filter(XConv *InstancePtr, u32 Data);
      ^~~~~~~~~~~~~~~~
../src/helloworld.c:48:15: warning: unused variable 'gausFilterDim' [-Wunused-variable]
     const int gausFilterDim = 5;
               ^~~~~~~~~~~~~
Finished building: ../src/helloworld.c
 
Building target: conv.elf
Invoking: ARM v7 gcc linker
arm-none-eabi-gcc -mcpu=cortex-a9 -mfpu=vfpv3 -mfloat-abi=hard -Wl,-build-id=none -specs=Xilinx.spec -Wl,-T -Wl,../src/lscript.ld -L../../conv_bsp/ps7_cortexa9_0/lib -o "conv.elf"  ./src/helloworld.o ./src/platform.o   -Wl,--start-group,-lxil,-lgcc,-lc,--end-group
Finished building target: conv.elf
 
Invoking: ARM v7 Print Size
arm-none-eabi-size conv.elf  |tee "conv.elf.size"
   text	   data	    bss	    dec	    hex	filename
  77324	   2724	  23344	 103392	  193e0	conv.elf
Finished building: conv.elf.size
 
11:31:57 **** Auto Build of configuration Debug for project conv ****
make pre-build main-build 
a9-linaro-pre-build-step
 
Building file: ../src/helloworld.c
Invoking: ARM v7 gcc compiler
arm-none-eabi-gcc -Wall -O0 -g3 -c -fmessage-length=0 -MT"src/helloworld.o" -mcpu=cortex-a9 -mfpu=vfpv3 -mfloat-abi=hard -I../../conv_bsp/ps7_cortexa9_0/include -MMD -MP -MF"src/helloworld.d" -MT"src/helloworld.o" -o "src/helloworld.o" "../src/helloworld.c"
In file included from ../src/helloworld.c:9:0:
../../conv_bsp/ps7_cortexa9_0/include/xtime_l.h:89:9: note: #pragma message: For the sleep routines, Global timer is being used
 #pragma message ("For the sleep routines, Global timer is being used")
         ^~~~~~~
../src/helloworld.c: In function 'main':
../src/helloworld.c:53:28: warning: format '%X' expects argument of type 'unsigned int', but argument 2 has type 'uint8_t * {aka unsigned char *}' [-Wformat=]
     printf("mem   addr: 0x%X\n", mem);
                           ~^
                           %hhn
../src/helloworld.c:54:28: warning: format '%X' expects argument of type 'unsigned int', but argument 2 has type 'uint8_t * {aka unsigned char *}' [-Wformat=]
     printf("head  addr: 0x%X\n", head);
                           ~^
                           %hhn
../src/helloworld.c:55:28: warning: format '%X' expects argument of type 'unsigned int', but argument 2 has type 'uint8_t * {aka unsigned char *}' [-Wformat=]
     printf("data  addr: 0x%X\n", data);
                           ~^
                           %hhn
../src/helloworld.c:56:28: warning: format '%X' expects argument of type 'unsigned int', but argument 2 has type 'float *' [-Wformat=]
     printf("fdete addr: 0x%X\n", edgeDetectionFilter);
                           ~^     ~~~~~~~~~~~~~~~~~~~
../src/helloworld.c:57:28: warning: format '%X' expects argument of type 'unsigned int', but argument 2 has type 'float *' [-Wformat=]
     printf("fgaus addr: 0x%X\n\n", gaussianFilter);
                           ~^       ~~~~~~~~~~~~~~
../src/helloworld.c:66:42: warning: passing argument 2 of 'XConv_Set_image_dram' makes integer from pointer without a cast [-Wint-conversion]
     XConv_Set_image_dram(&XConvInstance, data);
                                          ^~~~
In file included from ../src/helloworld.c:8:0:
../../conv_bsp/ps7_cortexa9_0/include/xconv.h:90:6: note: expected 'u32 {aka long unsigned int}' but argument is of type 'uint8_t * {aka unsigned char *}'
 void XConv_Set_image_dram(XConv *InstancePtr, u32 Data);
      ^~~~~~~~~~~~~~~~~~~~
../src/helloworld.c:67:38: warning: passing argument 2 of 'XConv_Set_filter' makes integer from pointer without a cast [-Wint-conversion]
     XConv_Set_filter(&XConvInstance, edgeDetectionFilter);
                                      ^~~~~~~~~~~~~~~~~~~
In file included from ../src/helloworld.c:8:0:
../../conv_bsp/ps7_cortexa9_0/include/xconv.h:92:6: note: expected 'u32 {aka long unsigned int}' but argument is of type 'float *'
 void XConv_Set_filter(XConv *InstancePtr, u32 Data);
      ^~~~~~~~~~~~~~~~
../src/helloworld.c:45:15: warning: unused variable 'gausFilterDim' [-Wunused-variable]
     const int gausFilterDim = 5;
               ^~~~~~~~~~~~~
Finished building: ../src/helloworld.c
 
Building target: conv.elf
Invoking: ARM v7 gcc linker
arm-none-eabi-gcc -mcpu=cortex-a9 -mfpu=vfpv3 -mfloat-abi=hard -Wl,-build-id=none -specs=Xilinx.spec -Wl,-T -Wl,../src/lscript.ld -L../../conv_bsp/ps7_cortexa9_0/lib -o "conv.elf"  ./src/helloworld.o ./src/platform.o   -Wl,--start-group,-lxil,-lgcc,-lc,--end-group
Finished building target: conv.elf
 
Invoking: ARM v7 Print Size
arm-none-eabi-size conv.elf  |tee "conv.elf.size"
   text	   data	    bss	    dec	    hex	filename
  77324	   2724	  23344	 103392	  193e0	conv.elf
Finished building: conv.elf.size
 
11:32:00 **** Auto Build of configuration Debug for project conv ****
make pre-build main-build 
a9-linaro-pre-build-step
 
Building file: ../src/helloworld.c
Invoking: ARM v7 gcc compiler
arm-none-eabi-gcc -Wall -O0 -g3 -c -fmessage-length=0 -MT"src/helloworld.o" -mcpu=cortex-a9 -mfpu=vfpv3 -mfloat-abi=hard -I../../conv_bsp/ps7_cortexa9_0/include -MMD -MP -MF"src/helloworld.d" -MT"src/helloworld.o" -o "src/helloworld.o" "../src/helloworld.c"
In file included from ../src/helloworld.c:9:0:
../../conv_bsp/ps7_cortexa9_0/include/xtime_l.h:89:9: note: #pragma message: For the sleep routines, Global timer is being used
 #pragma message ("For the sleep routines, Global timer is being used")
         ^~~~~~~
../src/helloworld.c: In function 'main':
../src/helloworld.c:51:28: warning: format '%X' expects argument of type 'unsigned int', but argument 2 has type 'uint8_t * {aka unsigned char *}' [-Wformat=]
     printf("mem   addr: 0x%X\n", mem);
                           ~^
                           %hhn
../src/helloworld.c:52:28: warning: format '%X' expects argument of type 'unsigned int', but argument 2 has type 'uint8_t * {aka unsigned char *}' [-Wformat=]
     printf("head  addr: 0x%X\n", head);
                           ~^
                           %hhn
../src/helloworld.c:53:28: warning: format '%X' expects argument of type 'unsigned int', but argument 2 has type 'uint8_t * {aka unsigned char *}' [-Wformat=]
     printf("data  addr: 0x%X\n", data);
                           ~^
                           %hhn
../src/helloworld.c:54:28: warning: format '%X' expects argument of type 'unsigned int', but argument 2 has type 'float *' [-Wformat=]
     printf("fdete addr: 0x%X\n", edgeDetectionFilter);
                           ~^     ~~~~~~~~~~~~~~~~~~~
../src/helloworld.c:55:28: warning: format '%X' expects argument of type 'unsigned int', but argument 2 has type 'float *' [-Wformat=]
     printf("fgaus addr: 0x%X\n\n", gaussianFilter);
                           ~^       ~~~~~~~~~~~~~~
../src/helloworld.c:64:42: warning: passing argument 2 of 'XConv_Set_image_dram' makes integer from pointer without a cast [-Wint-conversion]
     XConv_Set_image_dram(&XConvInstance, data);
                                          ^~~~
In file included from ../src/helloworld.c:8:0:
../../conv_bsp/ps7_cortexa9_0/include/xconv.h:90:6: note: expected 'u32 {aka long unsigned int}' but argument is of type 'uint8_t * {aka unsigned char *}'
 void XConv_Set_image_dram(XConv *InstancePtr, u32 Data);
      ^~~~~~~~~~~~~~~~~~~~
../src/helloworld.c:65:38: warning: passing argument 2 of 'XConv_Set_filter' makes integer from pointer without a cast [-Wint-conversion]
     XConv_Set_filter(&XConvInstance, edgeDetectionFilter);
                                      ^~~~~~~~~~~~~~~~~~~
In file included from ../src/helloworld.c:8:0:
../../conv_bsp/ps7_cortexa9_0/include/xconv.h:92:6: note: expected 'u32 {aka long unsigned int}' but argument is of type 'float *'
 void XConv_Set_filter(XConv *InstancePtr, u32 Data);
      ^~~~~~~~~~~~~~~~
../src/helloworld.c:43:15: warning: unused variable 'gausFilterDim' [-Wunused-variable]
     const int gausFilterDim = 5;
               ^~~~~~~~~~~~~
Finished building: ../src/helloworld.c
 
Building target: conv.elf
Invoking: ARM v7 gcc linker
arm-none-eabi-gcc -mcpu=cortex-a9 -mfpu=vfpv3 -mfloat-abi=hard -Wl,-build-id=none -specs=Xilinx.spec -Wl,-T -Wl,../src/lscript.ld -L../../conv_bsp/ps7_cortexa9_0/lib -o "conv.elf"  ./src/helloworld.o ./src/platform.o   -Wl,--start-group,-lxil,-lgcc,-lc,--end-group
Finished building target: conv.elf
 
Invoking: ARM v7 Print Size
arm-none-eabi-size conv.elf  |tee "conv.elf.size"
   text	   data	    bss	    dec	    hex	filename
  77324	   2724	  23344	 103392	  193e0	conv.elf
Finished building: conv.elf.size
 
11:32:04 **** Auto Build of configuration Debug for project conv ****
make pre-build main-build 
a9-linaro-pre-build-step
 
Building file: ../src/helloworld.c
Invoking: ARM v7 gcc compiler
arm-none-eabi-gcc -Wall -O0 -g3 -c -fmessage-length=0 -MT"src/helloworld.o" -mcpu=cortex-a9 -mfpu=vfpv3 -mfloat-abi=hard -I../../conv_bsp/ps7_cortexa9_0/include -MMD -MP -MF"src/helloworld.d" -MT"src/helloworld.o" -o "src/helloworld.o" "../src/helloworld.c"
In file included from ../src/helloworld.c:9:0:
../../conv_bsp/ps7_cortexa9_0/include/xtime_l.h:89:9: note: #pragma message: For the sleep routines, Global timer is being used
 #pragma message ("For the sleep routines, Global timer is being used")
         ^~~~~~~
../src/helloworld.c: In function 'main':
../src/helloworld.c:49:28: warning: format '%X' expects argument of type 'unsigned int', but argument 2 has type 'uint8_t * {aka unsigned char *}' [-Wformat=]
     printf("mem   addr: 0x%X\n", mem);
                           ~^
                           %hhn
../src/helloworld.c:50:28: warning: format '%X' expects argument of type 'unsigned int', but argument 2 has type 'uint8_t * {aka unsigned char *}' [-Wformat=]
     printf("head  addr: 0x%X\n", head);
                           ~^
                           %hhn
../src/helloworld.c:51:28: warning: format '%X' expects argument of type 'unsigned int', but argument 2 has type 'uint8_t * {aka unsigned char *}' [-Wformat=]
     printf("data  addr: 0x%X\n", data);
                           ~^
                           %hhn
../src/helloworld.c:52:28: warning: format '%X' expects argument of type 'unsigned int', but argument 2 has type 'float *' [-Wformat=]
     printf("fdete addr: 0x%X\n", edgeDetectionFilter);
                           ~^     ~~~~~~~~~~~~~~~~~~~
../src/helloworld.c:53:28: warning: format '%X' expects argument of type 'unsigned int', but argument 2 has type 'float *' [-Wformat=]
     printf("fgaus addr: 0x%X\n\n", gaussianFilter);
                           ~^       ~~~~~~~~~~~~~~
../src/helloworld.c:62:42: warning: passing argument 2 of 'XConv_Set_image_dram' makes integer from pointer without a cast [-Wint-conversion]
     XConv_Set_image_dram(&XConvInstance, data);
                                          ^~~~
In file included from ../src/helloworld.c:8:0:
../../conv_bsp/ps7_cortexa9_0/include/xconv.h:90:6: note: expected 'u32 {aka long unsigned int}' but argument is of type 'uint8_t * {aka unsigned char *}'
 void XConv_Set_image_dram(XConv *InstancePtr, u32 Data);
      ^~~~~~~~~~~~~~~~~~~~
../src/helloworld.c:63:38: warning: passing argument 2 of 'XConv_Set_filter' makes integer from pointer without a cast [-Wint-conversion]
     XConv_Set_filter(&XConvInstance, edgeDetectionFilter);
                                      ^~~~~~~~~~~~~~~~~~~
In file included from ../src/helloworld.c:8:0:
../../conv_bsp/ps7_cortexa9_0/include/xconv.h:92:6: note: expected 'u32 {aka long unsigned int}' but argument is of type 'float *'
 void XConv_Set_filter(XConv *InstancePtr, u32 Data);
      ^~~~~~~~~~~~~~~~
../src/helloworld.c:41:15: warning: unused variable 'gausFilterDim' [-Wunused-variable]
     const int gausFilterDim = 5;
               ^~~~~~~~~~~~~
Finished building: ../src/helloworld.c
 
Building target: conv.elf
Invoking: ARM v7 gcc linker
arm-none-eabi-gcc -mcpu=cortex-a9 -mfpu=vfpv3 -mfloat-abi=hard -Wl,-build-id=none -specs=Xilinx.spec -Wl,-T -Wl,../src/lscript.ld -L../../conv_bsp/ps7_cortexa9_0/lib -o "conv.elf"  ./src/helloworld.o ./src/platform.o   -Wl,--start-group,-lxil,-lgcc,-lc,--end-group
Finished building target: conv.elf
 
Invoking: ARM v7 Print Size
arm-none-eabi-size conv.elf  |tee "conv.elf.size"
   text	   data	    bss	    dec	    hex	filename
  77324	   2724	  23344	 103392	  193e0	conv.elf
Finished building: conv.elf.size
 
13:56:12 **** Clean-only build of configuration Debug for project conv ****
make clean 
rm -rf  ./src/helloworld.o ./src/platform.o  ./src/helloworld.d ./src/platform.d  conv.elf.size  conv.elf
 
13:56:12 **** Incremental Build of configuration Debug for project conv ****
make pre-build main-build 
a9-linaro-pre-build-step
 
Building file: ../src/helloworld.c
Invoking: ARM v7 gcc compiler
arm-none-eabi-gcc -Wall -O0 -g3 -c -fmessage-length=0 -MT"src/helloworld.o" -mcpu=cortex-a9 -mfpu=vfpv3 -mfloat-abi=hard -I../../conv_bsp/ps7_cortexa9_0/include -MMD -MP -MF"src/helloworld.d" -MT"src/helloworld.o" -o "src/helloworld.o" "../src/helloworld.c"
In file included from ../src/helloworld.c:9:0:
../../conv_bsp/ps7_cortexa9_0/include/xtime_l.h:89:9: note: #pragma message: For the sleep routines, Global timer is being used
 #pragma message ("For the sleep routines, Global timer is being used")
         ^~~~~~~
../src/helloworld.c: In function 'main':
../src/helloworld.c:49:28: warning: format '%X' expects argument of type 'unsigned int', but argument 2 has type 'uint8_t * {aka unsigned char *}' [-Wformat=]
     printf("mem   addr: 0x%X\n", mem);
                           ~^
                           %hhn
../src/helloworld.c:50:28: warning: format '%X' expects argument of type 'unsigned int', but argument 2 has type 'uint8_t * {aka unsigned char *}' [-Wformat=]
     printf("head  addr: 0x%X\n", head);
                           ~^
                           %hhn
../src/helloworld.c:51:28: warning: format '%X' expects argument of type 'unsigned int', but argument 2 has type 'uint8_t * {aka unsigned char *}' [-Wformat=]
     printf("data  addr: 0x%X\n", data);
                           ~^
                           %hhn
../src/helloworld.c:52:28: warning: format '%X' expects argument of type 'unsigned int', but argument 2 has type 'float *' [-Wformat=]
     printf("fdete addr: 0x%X\n", edgeDetectionFilter);
                           ~^     ~~~~~~~~~~~~~~~~~~~
../src/helloworld.c:53:28: warning: format '%X' expects argument of type 'unsigned int', but argument 2 has type 'float *' [-Wformat=]
     printf("fgaus addr: 0x%X\n\n", gaussianFilter);
                           ~^       ~~~~~~~~~~~~~~
../src/helloworld.c:62:42: warning: passing argument 2 of 'XConv_Set_image_dram' makes integer from pointer without a cast [-Wint-conversion]
     XConv_Set_image_dram(&XConvInstance, data);
                                          ^~~~
In file included from ../src/helloworld.c:8:0:
../../conv_bsp/ps7_cortexa9_0/include/xconv.h:90:6: note: expected 'u32 {aka long unsigned int}' but argument is of type 'uint8_t * {aka unsigned char *}'
 void XConv_Set_image_dram(XConv *InstancePtr, u32 Data);
      ^~~~~~~~~~~~~~~~~~~~
../src/helloworld.c:63:38: warning: passing argument 2 of 'XConv_Set_filter' makes integer from pointer without a cast [-Wint-conversion]
     XConv_Set_filter(&XConvInstance, edgeDetectionFilter);
                                      ^~~~~~~~~~~~~~~~~~~
In file included from ../src/helloworld.c:8:0:
../../conv_bsp/ps7_cortexa9_0/include/xconv.h:92:6: note: expected 'u32 {aka long unsigned int}' but argument is of type 'float *'
 void XConv_Set_filter(XConv *InstancePtr, u32 Data);
      ^~~~~~~~~~~~~~~~
../src/helloworld.c:41:15: warning: unused variable 'gausFilterDim' [-Wunused-variable]
     const int gausFilterDim = 5;
               ^~~~~~~~~~~~~
Finished building: ../src/helloworld.c
 
Building file: ../src/platform.c
Invoking: ARM v7 gcc compiler
arm-none-eabi-gcc -Wall -O0 -g3 -c -fmessage-length=0 -MT"src/platform.o" -mcpu=cortex-a9 -mfpu=vfpv3 -mfloat-abi=hard -I../../conv_bsp/ps7_cortexa9_0/include -MMD -MP -MF"src/platform.d" -MT"src/platform.o" -o "src/platform.o" "../src/platform.c"
Finished building: ../src/platform.c
 
Building target: conv.elf
Invoking: ARM v7 gcc linker
arm-none-eabi-gcc -mcpu=cortex-a9 -mfpu=vfpv3 -mfloat-abi=hard -Wl,-build-id=none -specs=Xilinx.spec -Wl,-T -Wl,../src/lscript.ld -L../../conv_bsp/ps7_cortexa9_0/lib -o "conv.elf"  ./src/helloworld.o ./src/platform.o   -Wl,--start-group,-lxil,-lgcc,-lc,--end-group
Finished building target: conv.elf
 
Invoking: ARM v7 Print Size
arm-none-eabi-size conv.elf  |tee "conv.elf.size"
   text	   data	    bss	    dec	    hex	filename
  77324	   2724	  23344	 103392	  193e0	conv.elf
Finished building: conv.elf.size
 
13:57:19 **** Incremental Build of configuration Debug for project conv ****
make pre-build main-build 
a9-linaro-pre-build-step
 
make: Nessuna operazione da eseguire per "main-build".
13:57:29 **** Incremental Build of configuration Debug for project conv ****
make pre-build main-build 
a9-linaro-pre-build-step
 
make: Nessuna operazione da eseguire per "main-build".
13:59:22 **** Incremental Build of configuration Debug for project conv ****
make pre-build main-build 
a9-linaro-pre-build-step
 
make: Nessuna operazione da eseguire per "main-build".
14:01:43 **** Incremental Build of configuration Debug for project conv ****
make pre-build main-build 
a9-linaro-pre-build-step
 
make: Nessuna operazione da eseguire per "main-build".
